EN new_ip_cloc_vhdl_canceled NULL E:/alibabarahaei_amirkahfi_ebrahimnejati/clock_vhdl/ipcore_dir/new_ip_cloc_vhdl_canceled.vhd sub00/vhpl00 1655276414
AR dahgan_englisi dahgan_englisi_a E:/alibabarahaei_amirkahfi_ebrahimnejati/clock_vhdl/ipcore_dir/dahgan_englisi.vhd sub00/vhpl07 1655276419
EN dahgan_englisi NULL E:/alibabarahaei_amirkahfi_ebrahimnejati/clock_vhdl/ipcore_dir/dahgan_englisi.vhd sub00/vhpl06 1655276418
EN yekan_englisi NULL E:/alibabarahaei_amirkahfi_ebrahimnejati/clock_vhdl/ipcore_dir/yekan_englisi.vhd sub00/vhpl04 1655276416
AR clock_vhdl_canceled_schematic behavioral E:/alibabarahaei_amirkahfi_ebrahimnejati/clock_vhdl/clock_vhdl_canceled_schematic.vhf sub00/vhpl03 1655276421
AR new_ip_cloc_vhdl_canceled new_ip_cloc_vhdl_canceled_a E:/alibabarahaei_amirkahfi_ebrahimnejati/clock_vhdl/ipcore_dir/new_ip_cloc_vhdl_canceled.vhd sub00/vhpl01 1655276415
EN clock_vhdl_canceled_schematic NULL E:/alibabarahaei_amirkahfi_ebrahimnejati/clock_vhdl/clock_vhdl_canceled_schematic.vhf sub00/vhpl02 1655276420
AR yekan_englisi yekan_englisi_a E:/alibabarahaei_amirkahfi_ebrahimnejati/clock_vhdl/ipcore_dir/yekan_englisi.vhd sub00/vhpl05 1655276417
